gcc -g p4original.c
îº§ gdb a.out
GNU gdb (Ubuntu 8.1.1-0ubuntu1) 8.1.1
Copyright (C) 2018 Free Software Foundation, Inc.
License GPLv3+: GNU GPL version 3 or later <http://gnu.org/licenses/gpl.html>
This is free software: you are free to change and redistribute it.
There is NO WARRANTY, to the extent permitted by law.  Type "show copying"
and "show warranty" for details.
This GDB was configured as "x86_64-linux-gnu".
Type "show configuration" for configuration details.
For bug reporting instructions, please see:
<http://www.gnu.org/software/gdb/bugs/>.
Find the GDB manual and other documentation resources online at:
<http://www.gnu.org/software/gdb/documentation/>.
For help, type "help".
Type "apropos word" to search for commands related to "word"...
Reading symbols from a.out...done.
(gdb) b main
Breakpoint 1 at 0x8f8: file p4original.c, line 45.
(gdb) r
Starting program: /home/runner/ppa-IA2-practice2-5/a.out 
warning: Error disabling address space randomization: Operation not permitted

Breakpoint 1, main () at p4original.c:45
45  {
(gdb) n
47    n=input_array_size();
(gdb) s
input_array_size () at p4original.c:3
3   {
(gdb) n
5     printf("Enter the size of array\n");
(gdb) n
Enter the size of array
6     scanf("%d",&a);
(gdb) n
5
7     return a;
(gdb) s
8   }
(gdb) n
main () at p4original.c:48
48    int a[n];
(gdb) s
49    input_array(n,a);
(gdb) s
input_array (n=5, a=0x7fff4307e490) at p4original.c:12
12    printf("Enter a number\n");
(gdb) n
Enter a number
13    for(i=0;i<n;i++)
(gdb) s
15        scanf("%d",&a[i]);
(gdb) n
1
13    for(i=0;i<n;i++)
(gdb) s
15        scanf("%d",&a[i]);
(gdb) n
2
13    for(i=0;i<n;i++)
(gdb) s
15        scanf("%d",&a[i]);
(gdb) n
7
13    for(i=0;i<n;i++)
(gdb) s
15        scanf("%d",&a[i]);
(gdb) n
8
13    for(i=0;i<n;i++)
(gdb) s
15        scanf("%d",&a[i]);
(gdb) n
12
13    for(i=0;i<n;i++)
(gdb) n
17  }
(gdb) s
main () at p4original.c:50
50    is_composite(n);
(gdb) s
is_composite (n=5) at p4original.c:21
21    for(i=2;i<=n/2;i++)
(gdb) s
23        if(n%i == 0)
(gdb) s
21    for(i=2;i<=n/2;i++)
(gdb) n
26    return 0;
(gdb) n
27    }
(gdb) c
Continuing.
20
[Inferior 1 (process 2745) exited normally]
(gdb) 