gcc -g p6original.c
 gdb a.out
GNU gdb (Ubuntu 8.1.1-0ubuntu1) 8.1.1
Copyright (C) 2018 Free Software Foundation, Inc.
License GPLv3+: GNU GPL version 3 or later <http://gnu.org/licenses/gpl.html>
This is free software: you are free to change and redistribute it.
There is NO WARRANTY, to the extent permitted by law.  Type "show copying"
and "show warranty" for details.
This GDB was configured as "x86_64-linux-gnu".
Type "show configuration" for configuration details.
For bug reporting instructions, please see:
<http://www.gnu.org/software/gdb/bugs/>.
Find the GDB manual and other documentation resources online at:
<http://www.gnu.org/software/gdb/documentation/>.
For help, type "help".
Type "apropos word" to search for commands related to "word"...
Reading symbols from a.out...done.
(gdb) b main
Breakpoint 1 at 0x82d: file p6original.c, line 29.
(gdb) r
Starting program: /home/runner/ppa-IA2-practice2-4/a.out 
warning: Error disabling address space randomization: Operation not permitted

Breakpoint 1, main () at p6original.c:29
29  {
(gdb) n
31    input_string(a);
(gdb) s
input_string (a=0x7ffc97fdd400 "\001") at p6original.c:4
 a.out
sh: 1: a.out: not found
exit status 127
 gcc -g p6original.c
 gdb a.out
GNU gdb (Ubuntu 8.1.1-0ubuntu1) 8.1.1
Copyright (C) 2018 Free Software Foundation, Inc.
License GPLv3+: GNU GPL version 3 or later <http://gnu.org/licenses/gpl.html>
This is free software: you are free to change and redistribute it.
There is NO WARRANTY, to the extent permitted by law.  Type "show copying"
and "show warranty" for details.
This GDB was configured as "x86_64-linux-gnu".
Type "show configuration" for configuration details.
For bug reporting instructions, please see:
<http://www.gnu.org/software/gdb/bugs/>.
Find the GDB manual and other documentation resources online at:
<http://www.gnu.org/software/gdb/documentation/>.
For help, type "help".
Type "apropos word" to search for commands related to "word"...
Reading symbols from a.out...done.
(gdb) b main
Breakpoint 1 at 0x82d: file p6original.c, line 29.
(gdb) r
Starting program: /home/runner/ppa-IA2-practice2-4/a.out 
warning: Error disabling address space randomization: Operation not permitted

Breakpoint 1, main () at p6original.c:29
29  {
(gdb) n
31    input_string(a);
(gdb) s
input_string (a=0x7ffdee1c6430 "\001") at p6original.c:4
4     printf("Enter the string\n");
(gdb) n
Enter the string
5     scanf("%s",a);
(gdb) n
hello
6   }
(gdb) s
main () at p6original.c:32
32    revstr(a);
(gdb) s
revstr (a=0x7ffdee1c6430 "hello") at p6original.c:16
16    length = string_length(a);
(gdb) s
string_length (a=0x7ffdee1c6430 "hello") at p6original.c:10
10    for(i=0;a[i]!='\0';i++);
(gdb) s
11    return i;
(gdb) s
12  }
(gdb) n
revstr (a=0x7ffdee1c6430 "hello") at p6original.c:17
17    for(i=0; i<length/2;i++)
(gdb) s
19        t = a[i];
(gdb) s
20        a[i] = a[length-1 - i];
(gdb) s
21        a[length-1 - i] = t;
(gdb) c
Continuing.
olleh
[Inferior 1 (process 982) exited normally]
(gdb) 
